PASS AC1 exact VERSION bytes
PASS AC1 exact 33/23/7/3 census
PASS AC1 1838 changed LOC within budget
PASS AC1 removed identity and maintenance executables absent
PASS AC1 sole product executable is artifact builder
PASS AC1 builder contains no TFW mechanics tokens
PASS AC1 clean copy is uninitialized and standalone
PASS AC1 exact retired hook paths absent
PASS AC2 ten closed identity scenarios pass
PASS AC2 only explicitly approved profile changes
PASS AC2 complete scenario name set
PASS AC3 seven deterministic role scenarios close with zero duplicates
PASS AC3 actual coordinator/executor/reviewer lineage retained
PASS AC3 skill and metadata pair tfw-plan
PASS AC3 skill and metadata pair tfw-handoff
PASS AC3 skill and metadata pair tfw-review
PASS AC3 skill and metadata pair tfw-update
PASS AC3 skill and metadata pair tfw-identity
PASS AC4 static manifest two-run and recorded equality
PASS AC4 29 unique confined rows, self-excluded and policy-included
PASS AC4 declarative policy contract
PASS AC4 authority classes
PASS AC5 clean ordinary-file update reaches 1.5
PASS AC5 protected bytes and next-source authority
PASS AC5 drift blocks with zero update writes
PASS AC6 reverse creates privacy-safe candidate without public mutation
PASS AC6 independent candidate review required
PASS AC6 field canonical pre/post equality
PASS AC6 independent field row readers and zero writes
PASS AC7 artifact builder two-run equality and retained-render equality
PASS AC7 every retained replacement resolves with correct signature
PASS AC7 all pages and full captures visually inspected
PASS AC7 blocked-network render integrity
PASS AC8 zero removed-runtime references
PASS AC8 zero field/private markers in product
PASS AC8 identity wording agrees on prompt/file procedure
PASS AC8 update wording agrees on agent-led sequence
PASS AC8 truthful version/changelog boundary
PASS AC9 superseded runtime attachments removed from current evidence
PASS AC9 task lifecycle and amendment onboarding trace
PASS AC9 frozen HL/TS resolve
PASS AC10 every post-baseline task commit has zero forbidden path hits
PASS AC10 owner config commit classified as census baseline
PASS AC10 both external local tags unchanged
PASS AC10 external tags do not contain amended product checkpoint
PASS AC10 zero task tag/push acts and no remote containment
PASS LIVE product diff check
PASS LIVE product checkpoint resolves
PASS LIVE removed builder self-test command rejects
PASS TRACE RF/EV contain AC-1
PASS TRACE RF/EV contain AC-2
PASS TRACE RF/EV contain AC-3
PASS TRACE RF/EV contain AC-4
PASS TRACE RF/EV contain AC-5
PASS TRACE RF/EV contain AC-6
PASS TRACE RF/EV contain AC-7
PASS TRACE RF/EV contain AC-8
PASS TRACE RF/EV contain AC-9
PASS TRACE RF/EV contain AC-10
PASS TRACE supersession and deferred compaction/review are explicit
PASS TRACE compaction attachment correctly pending Coordinator
AMENDED_NO_CODE_FINAL=PASS
